// Jest Snapshot v1, https://goo.gl/fbAQLP

exports[`Home.vue snapshot test 1`] = `
<div class="wrapper">
  <app-header-stub></app-header-stub>
  <app-sidebar-stub></app-sidebar-stub>
  <div class="content content--collapse">
    <router-view-stub name="default"></router-view-stub>
  </div>
</div>
`;
