// Jest Snapshot v1, https://goo.gl/fbAQLP

exports[`OverView.vue snapshot test 1`] = `
<div>
  <h1 class="title">this is overview</h1>
  <div class="example">
    <h2 class="example_title">filter的单元测试例</h2>
    <el-input-stub value="" type="text" autocomplete="off" validateevent="true" placeholder="输入长度大于7的内容，下方将显示过滤后内容" class="input"></el-input-stub>
    <div class="text"></div>
    <div class="text" style="display: none;"></div>
    <app-button-stub>切换显示方式</app-button-stub>
  </div>
  <div class="example">
    <h2 class="example_title">路由跳转的单元测试例</h2>
    <app-button-stub size="lg">跳转到VIP用户页面</app-button-stub>
  </div>
  <div class="example">
    <h2 class="example_title">Axios的单元测试例</h2>
    <app-button-stub size="lg">从后台接口获取数据</app-button-stub>
  </div>
</div>
`;
