// Jest Snapshot v1, https://goo.gl/fbAQLP

exports[`OverView.vue snapshot test 1`] = `
<div>
  <h1 class="title">this is overview</h1>
  <filter-test-stub></filter-test-stub>
  <axios-test-stub></axios-test-stub>
  <router-test-stub></router-test-stub>
  <vuex-test-stub></vuex-test-stub>
</div>
`;
